[    0.000000] Linux version 4.15.0-34-generic (buildd@lgw01-amd64-047) (gcc version 7.3.0 (Ubuntu 7.3.0-16ubuntu3)) #37-Ubuntu SMP Mon Aug 27 15:21:48 UTC 2018 (Ubuntu 4.15.0-34.37-generic 4.15.18)
[    0.000000] Command line: BOOT_IMAGE=/boot/vmlinuz-4.15.0-34-generic root=LABEL=cloudimg-rootfs ro console=tty1 console=ttyS0
[    0.000000] KERNEL supported cpus:
[    0.000000]   Intel GenuineIntel
[    0.000000]   AMD AuthenticAMD
[    0.000000]   Centaur CentaurHauls
[    0.000000] x86/fpu: Supporting XSAVE feature 0x001: 'x87 floating point registers'
[    0.000000] x86/fpu: Supporting XSAVE feature 0x002: 'SSE registers'
[    0.000000] x86/fpu: Supporting XSAVE feature 0x004: 'AVX registers'
[    0.000000] x86/fpu: xstate_offset[2]:  576, xstate_sizes[2]:  256
[    0.000000] x86/fpu: Enabled xstate features 0x7, context size is 832 bytes, using 'standard' format.
[    0.000000] e820: BIOS-provided physical RAM map:
[    0.000000] BIOS-e820: [mem 0x0000000000000000-0x000000000009fbff] usable
[    0.000000] BIOS-e820: [mem 0x000000000009fc00-0x000000000009ffff] reserved
[    0.000000] BIOS-e820: [mem 0x00000000000f0000-0x00000000000fffff] reserved
[    0.000000] BIOS-e820: [mem 0x0000000000100000-0x000000003ffeffff] usable
[    0.000000] BIOS-e820: [mem 0x000000003fff0000-0x000000003fffffff] ACPI data
[    0.000000] BIOS-e820: [mem 0x00000000fec00000-0x00000000fec00fff] reserved
[    0.000000] BIOS-e820: [mem 0x00000000fee00000-0x00000000fee00fff] reserved
[    0.000000] BIOS-e820: [mem 0x00000000fffc0000-0x00000000ffffffff] reserved
[    0.000000] NX (Execute Disable) protection: active
[    0.000000] SMBIOS 2.5 present.
[    0.000000] DMI: innotek GmbH VirtualBox/VirtualBox, BIOS VirtualBox 12/01/2006
[    0.000000] Hypervisor detected: KVM
[    0.000000] e820: last_pfn = 0x3fff0 max_arch_pfn = 0x400000000
[    0.000000] MTRR: Disabled
[    0.000000] x86/PAT: MTRRs disabled, skipping PAT initialization too.
[    0.000000] CPU MTRRs all blank - virtualized system.
[    0.000000] x86/PAT: Configuration [0-7]: WB  WT  UC- UC  WB  WT  UC- UC  
[    0.000000] found SMP MP-table at [mem 0x0009fff0-0x0009ffff] mapped at [        (ptrval)]
[    0.000000] Scanning 1 areas for low memory corruption
[    0.000000] RAMDISK: [mem 0x35ae5000-0x36d69fff]
[    0.000000] ACPI: Early table checksum verification disabled
[    0.000000] ACPI: RSDP 0x00000000000E0000 000024 (v02 VBOX  )
[    0.000000] ACPI: XSDT 0x000000003FFF0030 00003C (v01 VBOX   VBOXXSDT 00000001 ASL  00000061)
[    0.000000] ACPI: FACP 0x000000003FFF00F0 0000F4 (v04 VBOX   VBOXFACP 00000001 ASL  00000061)
[    0.000000] ACPI: DSDT 0x000000003FFF0470 0021FF (v02 VBOX   VBOXBIOS 00000002 INTL 20180629)
[    0.000000] ACPI: FACS 0x000000003FFF0200 000040
[    0.000000] ACPI: FACS 0x000000003FFF0200 000040
[    0.000000] ACPI: APIC 0x000000003FFF0240 00005C (v02 VBOX   VBOXAPIC 00000001 ASL  00000061)
[    0.000000] ACPI: SSDT 0x000000003FFF02A0 0001CC (v01 VBOX   VBOXCPUT 00000002 INTL 20180629)
[    0.000000] No NUMA configuration found
[    0.000000] Faking a node at [mem 0x0000000000000000-0x000000003ffeffff]
[    0.000000] NODE_DATA(0) allocated [mem 0x3ffc5000-0x3ffeffff]
[    0.000000] kvm-clock: cpu 0, msr 0:3ff44001, primary cpu clock
[    0.000000] kvm-clock: Using msrs 4b564d01 and 4b564d00
[    0.000000] kvm-clock: using sched offset of 3961253277 cycles
[    0.000000] clocksource: kvm-clock: mask: 0xffffffffffffffff max_cycles: 0x1cd42e4dffb, max_idle_ns: 881590591483 ns
[    0.000000] Zone ranges:
[    0.000000]   DMA      [mem 0x0000000000001000-0x0000000000ffffff]
[    0.000000]   DMA32    [mem 0x0000000001000000-0x000000003ffeffff]
[    0.000000]   Normal   empty
[    0.000000]   Device   empty
[    0.000000] Movable zone start for each node
[    0.000000] Early memory node ranges
[    0.000000]   node   0: [mem 0x0000000000001000-0x000000000009efff]
[    0.000000]   node   0: [mem 0x0000000000100000-0x000000003ffeffff]
[    0.000000] Initmem setup node 0 [mem 0x0000000000001000-0x000000003ffeffff]
[    0.000000] Reserved but unavailable: 98 pages
[    0.000000] ACPI: PM-Timer IO Port: 0x4008
[    0.000000] IOAPIC[0]: apic_id 2, version 32, address 0xfec00000, GSI 0-23
[    0.000000] ACPI: INT_SRC_OVR (bus 0 bus_irq 0 global_irq 2 dfl dfl)
[    0.000000] ACPI: INT_SRC_OVR (bus 0 bus_irq 9 global_irq 9 low level)
[    0.000000] Using ACPI (MADT) for SMP configuration information
[    0.000000] smpboot: Allowing 2 CPUs, 0 hotplug CPUs
[    0.000000] PM: Registered nosave memory: [mem 0x00000000-0x00000fff]
[    0.000000] PM: Registered nosave memory: [mem 0x0009f000-0x0009ffff]
[    0.000000] PM: Registered nosave memory: [mem 0x000a0000-0x000effff]
[    0.000000] PM: Registered nosave memory: [mem 0x000f0000-0x000fffff]
[    0.000000] e820: [mem 0x40000000-0xfebfffff] available for PCI devices
[    0.000000] Booting paravirtualized kernel on KVM
[    0.000000] clocksource: refined-jiffies: mask: 0xffffffff max_cycles: 0xffffffff, max_idle_ns: 7645519600211568 ns
[    0.000000] random: get_random_bytes called from start_kernel+0x99/0x4fd with crng_init=0
[    0.000000] setup_percpu: NR_CPUS:8192 nr_cpumask_bits:2 nr_cpu_ids:2 nr_node_ids:1
[    0.000000] percpu: Embedded 46 pages/cpu @        (ptrval) s151552 r8192 d28672 u1048576
[    0.000000] PV qspinlock hash table entries: 256 (order: 0, 4096 bytes)
[    0.000000] Built 1 zonelists, mobility grouping on.  Total pages: 257913
[    0.000000] Policy zone: DMA32
[    0.000000] Kernel command line: BOOT_IMAGE=/boot/vmlinuz-4.15.0-34-generic root=LABEL=cloudimg-rootfs ro console=tty1 console=ttyS0
[    0.000000] Memory: 983620K/1048120K available (12300K kernel code, 2471K rwdata, 4244K rodata, 2408K init, 2416K bss, 64500K reserved, 0K cma-reserved)
[    0.000000] SLUB: HWalign=64, Order=0-3, MinObjects=0, CPUs=2, Nodes=1
[    0.000000] Kernel/User page tables isolation: enabled
[    0.000000] ftrace: allocating 39147 entries in 153 pages
[    0.004000] Hierarchical RCU implementation.
[    0.004000] 	RCU restricting CPUs from NR_CPUS=8192 to nr_cpu_ids=2.
[    0.004000] 	Tasks RCU enabled.
[    0.004000] RCU: Adjusting geometry for rcu_fanout_leaf=16, nr_cpu_ids=2
[    0.004000] NR_IRQS: 524544, nr_irqs: 440, preallocated irqs: 16
[    0.004000] Console: colour VGA+ 80x25
[    0.004000] console [tty1] enabled
[    0.004000] console [ttyS0] enabled
[    0.004000] ACPI: Core revision 20170831
[    0.004000] ACPI: 2 ACPI AML tables successfully acquired and loaded
[    0.004000] APIC: Switch to symmetric I/O mode setup
[    0.004000] x2apic enabled
[    0.004000] Switched APIC routing to physical x2apic.
[    0.005863] ..TIMER: vector=0x30 apic1=0 pin1=2 apic2=-1 pin2=-1
[    0.008004] tsc: Detected 1799.999 MHz processor
[    0.012019] Calibrating delay loop (skipped) preset value.. 3599.99 BogoMIPS (lpj=7199996)
[    0.016004] pid_max: default: 32768 minimum: 301
[    0.017420] Security Framework initialized
[    0.018649] Yama: becoming mindful.
[    0.020036] AppArmor: AppArmor initialized
[    0.022435] Dentry cache hash table entries: 131072 (order: 8, 1048576 bytes)
[    0.024094] Inode-cache hash table entries: 65536 (order: 7, 524288 bytes)
[    0.026063] Mount-cache hash table entries: 2048 (order: 2, 16384 bytes)
[    0.028010] Mountpoint-cache hash table entries: 2048 (order: 2, 16384 bytes)
[    0.030399] mce: CPU supports 0 MCE banks
[    0.032027] Last level iTLB entries: 4KB 64, 2MB 8, 4MB 8
[    0.033599] Last level dTLB entries: 4KB 64, 2MB 0, 4MB 0, 1GB 4
[    0.035317] Spectre V2 : Mitigation: Full generic retpoline
[    0.036003] Spectre V2 : Spectre v2 mitigation: Filling RSB on context switch
[    0.038013] Speculative Store Bypass: Vulnerable
[    0.040157] Freeing SMP alternatives memory: 36K
[    0.048000] smpboot: CPU0: Intel(R) Core(TM) i5-8250U CPU @ 1.60GHz (family: 0x6, model: 0x8e, stepping: 0xa)
[    0.048000] Performance Events: unsupported p6 CPU model 142 no PMU driver, software events only.
[    0.048057] Hierarchical SRCU implementation.
[    0.050392] NMI watchdog: Perf event create on CPU 0 failed with -2
[    0.052004] NMI watchdog: Perf NMI watchdog permanently disabled
[    0.053836] smp: Bringing up secondary CPUs ...
[    0.056158] x86: Booting SMP configuration:
[    0.057445] .... node  #0, CPUs:      #1
[    0.004000] kvm-clock: cpu 1, msr 0:3ff44041, secondary cpu clock
[    0.004000] mce: CPU supports 0 MCE banks
[    0.062583] smp: Brought up 1 node, 2 CPUs
[    0.064009] smpboot: Max logical packages: 1
[    0.065309] smpboot: Total of 2 processors activated (7199.99 BogoMIPS)
[    0.068174] devtmpfs: initialized
[    0.069129] x86/mm: Memory block size: 128MB
[    0.070662] evm: security.selinux
[    0.072007] evm: security.SMACK64
[    0.073047] evm: security.SMACK64EXEC
[    0.074186] evm: security.SMACK64TRANSMUTE
[    0.075444] evm: security.SMACK64MMAP
[    0.076005] evm: security.apparmor
[    0.077068] evm: security.ima
[    0.078025] evm: security.capability
[    0.080086] clocksource: jiffies: mask: 0xffffffff max_cycles: 0xffffffff, max_idle_ns: 7645041785100000 ns
[    0.082818] futex hash table entries: 512 (order: 3, 32768 bytes)
[    0.084080] pinctrl core: initialized pinctrl subsystem
[    0.086494] RTC time: 17:28:01, date: 09/18/18
[    0.088262] NET: Registered protocol family 16
[    0.089665] audit: initializing netlink subsys (disabled)
[    0.091113] audit: type=2000 audit(1537291686.146:1): state=initialized audit_enabled=0 res=1
[    0.092020] cpuidle: using governor ladder
[    0.093206] cpuidle: using governor menu
[    0.096068] ACPI: bus type PCI registered
[    0.097317] acpiphp: ACPI Hot Plug PCI Controller Driver version: 0.5
[    0.100153] PCI: Using configuration type 1 for base access
[    0.104370] HugeTLB registered 2.00 MiB page size, pre-allocated 0 pages
[    0.106041] ACPI: Added _OSI(Module Device)
[    0.108006] ACPI: Added _OSI(Processor Device)
[    0.109354] ACPI: Added _OSI(3.0 _SCP Extensions)
[    0.110767] ACPI: Added _OSI(Processor Aggregator Device)
[    0.112005] ACPI: Added _OSI(Linux-Dell-Video)
[    0.113351] ACPI: Added _OSI(Linux-Lenovo-NV-HDMI-Audio)
[    0.116398] ACPI: Executed 1 blocks of module-level executable AML code
[    0.124121] ACPI: Interpreter enabled
[    0.125295] ACPI: (supports S0 S5)
[    0.126363] ACPI: Using IOAPIC for interrupt routing
[    0.128378] PCI: Using host bridge windows from ACPI; if necessary, use "pci=nocrs" and report a bug
[    0.131296] ACPI: Enabled 2 GPEs in block 00 to 07
[    0.143674] ACPI: PCI Root Bridge [PCI0] (domain 0000 [bus 00-ff])
[    0.144023] acpi PNP0A03:00: _OSC: OS supports [ASPM ClockPM Segments MSI]
[    0.148060] acpi PNP0A03:00: _OSC: not requesting OS control; OS requires [ExtendedConfig ASPM ClockPM MSI]
[    0.150846] acpi PNP0A03:00: fail to add MMCONFIG information, can't access extended PCI configuration space under this bridge.
[    0.152611] PCI host bridge to bus 0000:00
[    0.153861] pci_bus 0000:00: root bus resource [io  0x0000-0x0cf7 window]
[    0.156009] pci_bus 0000:00: root bus resource [io  0x0d00-0xffff window]
[    0.157957] pci_bus 0000:00: root bus resource [mem 0x000a0000-0x000bffff window]
[    0.160007] pci_bus 0000:00: root bus resource [mem 0x40000000-0xfdffffff window]
[    0.162211] pci_bus 0000:00: root bus resource [bus 00-ff]
[    0.168169] pci 0000:00:01.1: legacy IDE quirk: reg 0x10: [io  0x01f0-0x01f7]
[    0.170226] pci 0000:00:01.1: legacy IDE quirk: reg 0x14: [io  0x03f6]
[    0.172009] pci 0000:00:01.1: legacy IDE quirk: reg 0x18: [io  0x0170-0x0177]
[    0.176007] pci 0000:00:01.1: legacy IDE quirk: reg 0x1c: [io  0x0376]
[    0.204155] pci 0000:00:07.0: quirk: [io  0x4000-0x403f] claimed by PIIX4 ACPI
[    0.207682] pci 0000:00:07.0: quirk: [io  0x4100-0x410f] claimed by PIIX4 SMB
[    0.227011] ACPI: PCI Interrupt Link [LNKA] (IRQs 5 9 10 *11)
[    0.228542] ACPI: PCI Interrupt Link [LNKB] (IRQs 5 9 *10 11)
[    0.232212] ACPI: PCI Interrupt Link [LNKC] (IRQs 5 *9 10 11)
[    0.233890] ACPI: PCI Interrupt Link [LNKD] (IRQs 5 9 10 *11)
[    0.236679] SCSI subsystem initialized
[    0.237831] pci 0000:00:02.0: vgaarb: setting as boot VGA device
[    0.237831] pci 0000:00:02.0: vgaarb: VGA device added: decodes=io+mem,owns=io+mem,locks=none
[    0.240017] pci 0000:00:02.0: vgaarb: bridge control possible
[    0.244006] vgaarb: loaded
[    0.244844] ACPI: bus type USB registered
[    0.245975] usbcore: registered new interface driver usbfs
[    0.247389] usbcore: registered new interface driver hub
[    0.248034] usbcore: registered new device driver usb
[    0.249455] EDAC MC: Ver: 3.0.0
[    0.252046] PCI: Using ACPI for IRQ routing
[    0.253589] NetLabel: Initializing
[    0.254552] NetLabel:  domain hash size = 128
[    0.255696] NetLabel:  protocols = UNLABELED CIPSOv4 CALIPSO
[    0.256032] NetLabel:  unlabeled traffic allowed by default
[    0.257485] clocksource: Switched to clocksource kvm-clock
[    0.274735] VFS: Disk quotas dquot_6.6.0
[    0.280528] VFS: Dquot-cache hash table entries: 512 (order 0, 4096 bytes)
[    0.282396] AppArmor: AppArmor Filesystem Enabled
[    0.283685] pnp: PnP ACPI init
[    0.286124] pnp: PnP ACPI: found 3 devices
[    0.298207] clocksource: acpi_pm: mask: 0xffffff max_cycles: 0xffffff, max_idle_ns: 2085701024 ns
[    0.300496] NET: Registered protocol family 2
[    0.303134] TCP established hash table entries: 8192 (order: 4, 65536 bytes)
[    0.305249] TCP bind hash table entries: 8192 (order: 5, 131072 bytes)
[    0.307298] TCP: Hash tables configured (established 8192 bind 8192)
[    0.309106] UDP hash table entries: 512 (order: 2, 16384 bytes)
[    0.310650] UDP-Lite hash table entries: 512 (order: 2, 16384 bytes)
[    0.312689] NET: Registered protocol family 1
[    0.313973] pci 0000:00:00.0: Limiting direct PCI/PCI transfers
[    0.315619] pci 0000:00:01.0: Activating ISA DMA hang workarounds
[    0.317469] pci 0000:00:02.0: Video device with shadowed ROM at [mem 0x000c0000-0x000dffff]
[    0.319915] Unpacking initramfs...
[    0.829520] Freeing initrd memory: 18964K
[    0.949790] platform rtc_cmos: registered platform RTC device (no PNP device found)
[    0.958139] Scanning for low memory corruption every 60 seconds
[    0.960656] Initialise system trusted keyrings
[    0.961858] Key type blacklist registered
[    1.032236] workingset: timestamp_bits=36 max_order=18 bucket_order=0
[    1.065604] zbud: loaded
[    1.067151] squashfs: version 4.0 (2009/01/31) Phillip Lougher
[    1.070284] fuse init (API version 7.26)
[    1.075139] Key type asymmetric registered
[    1.124247] Asymmetric key parser 'x509' registered
[    1.131140] Block layer SCSI generic (bsg) driver version 0.4 loaded (major 246)
[    1.133340] io scheduler noop registered
[    1.134419] io scheduler deadline registered
[    1.135660] io scheduler cfq registered (default)
[    1.137432] ACPI: AC Adapter [AC] (off-line)
[    1.138653] input: Power Button as /devices/LNXSYSTM:00/LNXPWRBN:00/input/input0
[    1.142101] ACPI: Power Button [PWRF]
[    1.143406] input: Sleep Button as /devices/LNXSYSTM:00/LNXSLPBN:00/input/input1
[    1.145680] ACPI: Sleep Button [SLPF]
[    1.148296] Serial: 8250/16550 driver, 32 ports, IRQ sharing enabled
[    1.148587] ACPI: Battery Slot [BAT0] (battery present)
[    1.284477] 00:02: ttyS0 at I/O 0x3f8 (irq = 4, base_baud = 115200) is a 16550A
[    1.952109] tsc: Refined TSC clocksource calibration: 1799.768 MHz
[    1.952771] Linux agpgart interface v0.103
[    1.962025] clocksource: tsc: mask: 0xffffffffffffffff max_cycles: 0x19f14e6fc22, max_idle_ns: 440795247119 ns
[    1.966432] loop: module loaded
[    1.968139] scsi host0: ata_piix
[    1.969264] scsi host1: ata_piix
[    1.970226] ata1: PATA max UDMA/33 cmd 0x1f0 ctl 0x3f6 bmdma 0xd000 irq 14
[    1.971937] ata2: PATA max UDMA/33 cmd 0x170 ctl 0x376 bmdma 0xd008 irq 15
[    1.973875] libphy: Fixed MDIO Bus: probed
[    1.975070] tun: Universal TUN/TAP device driver, 1.6
[    1.976490] PPP generic driver version 2.4.2
[    1.977773] ehci_hcd: USB 2.0 'Enhanced' Host Controller (EHCI) Driver
[    1.979418] ehci-pci: EHCI PCI platform driver
[    1.980667] ehci-platform: EHCI generic platform driver
[    1.982020] ohci_hcd: USB 1.1 'Open' Host Controller (OHCI) Driver
[    1.983595] ohci-pci: OHCI PCI platform driver
[    1.984808] ohci-platform: OHCI generic platform driver
[    1.986154] uhci_hcd: USB Universal Host Controller Interface driver
[    1.987848] i8042: PNP: PS/2 Controller [PNP0303:PS2K,PNP0f03:PS2M] at 0x60,0x64 irq 1,12
[    1.990690] serio: i8042 KBD port at 0x60,0x64 irq 1
[    1.992005] serio: i8042 AUX port at 0x60,0x64 irq 12
[    1.993510] mousedev: PS/2 mouse device common for all mice
[    1.995312] input: AT Translated Set 2 keyboard as /devices/platform/i8042/serio0/input/input2
[    1.998113] rtc_cmos rtc_cmos: rtc core: registered rtc_cmos as rtc0
[    1.999812] rtc_cmos rtc_cmos: alarms up to one day, 114 bytes nvram
[    2.001483] i2c /dev entries driver
[    2.002515] device-mapper: uevent: version 1.0.3
[    2.003931] device-mapper: ioctl: 4.37.0-ioctl (2017-09-20) initialised: dm-devel@redhat.com
[    2.006174] ledtrig-cpu: registered to indicate activity on CPUs
[    2.008531] NET: Registered protocol family 10
[    2.015647] Segment Routing with IPv6
[    2.016780] NET: Registered protocol family 17
[    2.018053] Key type dns_resolver registered
[    2.019529] RAS: Correctable Errors collector initialized.
[    2.021028] sched_clock: Marking stable (2020988056, 0)->(2460613687, -439625631)
[    2.023773] registered taskstats version 1
[    2.024941] Loading compiled-in X.509 certificates
[    2.029960] Loaded X.509 cert 'Build time autogenerated kernel key: 197c80222fd2638086c51a9b9e4961ca73d6ea07'
[    2.032517] zswap: loaded using pool lzo/zbud
[    2.039040] Key type big_key registered
[    2.040146] Key type trusted registered
[    2.043797] Key type encrypted registered
[    2.044952] AppArmor: AppArmor sha1 policy hashing enabled
[    2.046365] ima: No TPM chip found, activating TPM-bypass! (rc=-19)
[    2.047947] ima: Allocated hash algorithm: sha1
[    2.059650] evm: HMAC attrs: 0x1
[    2.124863]   Magic number: 2:102:492
[    2.126445] rtc_cmos rtc_cmos: setting system clock to 2018-09-18 17:28:03 UTC (1537291683)
[    2.129722] BIOS EDD facility v0.16 2004-Jun-25, 0 devices found
[    2.131804] EDD information not available.
[    2.142490] Freeing unused kernel memory: 2408K
[    2.308267] Write protecting the kernel read-only data: 20480k
[    2.316188] Freeing unused kernel memory: 2008K
[    2.323158] Freeing unused kernel memory: 1900K
[    2.384910] x86/mm: Checked W+X mappings: passed, no W+X pages found.
[    2.387006] x86/mm: Checking user space page tables
[    2.400671] x86/mm: Checked W+X mappings: passed, no W+X pages found.
Loading, please wait...
starting version 237
[    2.533263] e1000: Intel(R) PRO/1000 Network Driver - version 7.3.21-k8-NAPI
[    3.290076] e1000: Copyright (c) 1999-2006 Intel Corporation.
[    3.494492] Fusion MPT base driver 3.04.20
[    3.497870] Copyright (c) 1999-2008 LSI Corporation
[    3.520002] Fusion MPT SPI Host driver 3.04.20
[    3.524269] AVX2 version of gcm_enc/dec engaged.
[    3.525603] AES CTR mode by8 optimization enabled
[    3.754312] input: ImExPS/2 Generic Explorer Mouse as /devices/platform/i8042/serio1/input/input4
[    3.918922] e1000 0000:00:03.0 eth0: (PCI:33MHz:32-bit) 02:ec:ff:85:d6:22
[    3.921797] e1000 0000:00:03.0 eth0: Intel(R) PRO/1000 Network Connection
[    4.334280] e1000 0000:00:08.0 eth1: (PCI:33MHz:32-bit) 08:00:27:de:07:35
[    4.582236] e1000 0000:00:08.0 eth1: Intel(R) PRO/1000 Network Connection
[    4.592191] mptbase: ioc0: Initiating bringup
[    4.593513] e1000 0000:00:03.0 enp0s3: renamed from eth0
[    4.642261] e1000 0000:00:08.0 enp0s8: renamed from eth1
[    4.900614] ioc0: LSI53C1030 A0: Capabilities={Initiator}
[    5.215014] scsi host2: ioc0: LSI53C1030 A0, FwRev=00000000h, Ports=1, MaxQ=256, IRQ=20
[    5.877419] scsi 2:0:0:0: Direct-Access     VBOX     HARDDISK         1.0  PQ: 0 ANSI: 5
[    5.928240] scsi target2:0:0: Beginning Domain Validation
[    5.937277] scsi target2:0:0: Domain Validation skipping write tests
[    5.941243] scsi target2:0:0: Ending Domain Validation
[    5.947404] scsi target2:0:0: asynchronous
[    5.952460] scsi 2:0:1:0: Direct-Access     VBOX     HARDDISK         1.0  PQ: 0 ANSI: 5
[    5.988116] scsi target2:0:1: Beginning Domain Validation
[    5.994272] random: fast init done
[    5.997175] scsi target2:0:1: Domain Validation skipping write tests
[    6.000619] scsi target2:0:1: Ending Domain Validation
[    6.003628] scsi target2:0:1: asynchronous
[    6.021061] random: systemd-udevd: uninitialized urandom read (16 bytes read)
[    6.131370] sd 2:0:0:0: Attached scsi generic sg0 type 0
[    6.131728] sd 2:0:0:0: [sda] 20971520 512-byte logical blocks: (10.7 GB/10.0 GiB)
[    6.131798] sd 2:0:0:0: [sda] Write Protect is off
[    6.131922] sd 2:0:0:0: [sda] Incomplete mode parameter data
[    6.131924] sd 2:0:0:0: [sda] Assuming drive cache: write through
[    6.132265] random: systemd-udevd: uninitialized urandom read (16 bytes read)
[    6.132335] random: systemd-udevd: uninitialized urandom read (16 bytes read)
[    6.133832]  sda: sda1
[    6.134419] sd 2:0:0:0: [sda] Attached SCSI disk
[    6.150820] sd 2:0:1:0: Attached scsi generic sg1 type 0
[    6.151226] sd 2:0:1:0: [sdb] 20480 512-byte logical blocks: (10.5 MB/10.0 MiB)
[    6.151300] sd 2:0:1:0: [sdb] Write Protect is off
[    6.151413] sd 2:0:1:0: [sdb] Incomplete mode parameter data
[    6.151415] sd 2:0:1:0: [sdb] Assuming drive cache: write through
[    6.154189] sd 2:0:1:0: [sdb] Attached SCSI disk
Begin: Loading essential drivers ... [    8.229392] raid6: sse2x1   gen()  6138 MB/s
[    8.740030] raid6: sse2x1   xor()  3670 MB/s
[    9.099319] raid6: sse2x2   gen()  6856 MB/s
[    9.586944] raid6: sse2x2   xor()  4836 MB/s
[   10.019254] raid6: sse2x4   gen()  8382 MB/s
[   10.218947] raid6: sse2x4   xor()  5056 MB/s
[   10.269372] raid6: avx2x1   gen() 11234 MB/s
[   10.439354] raid6: avx2x1   xor()  8265 MB/s
[   10.969251] raid6: avx2x2   gen() 15138 MB/s
[   11.019376] raid6: avx2x2   xor()  8736 MB/s
[   11.169266] raid6: avx2x4   gen() 14706 MB/s
[   11.219403] raid6: avx2x4   xor()  9238 MB/s
[   11.240580] raid6: using algorithm avx2x2 gen() 15138 MB/s
[   11.242179] raid6: .... xor() 8736 MB/s, rmw enabled
[   11.243666] raid6: using avx2x2 recovery algorithm
[   11.247338] xor: automatically using best checksumming function   avx       
[   11.251432] async_tx: api initialized (async)
done.
Begin: Running /scripts/init-premount ... done.
Begin: Mounting root file system ... Begin: Running /scripts/local-top ... done.
Begin: Running /scripts/local-premount ... [   11.354192] Btrfs loaded, crc32c=crc32c-intel
Scanning for Btrfs filesystems
done.
Warning: fsck not present, so sk[   11.575605] EXT4-fs (sda1): mounted filesystem with ordered data mode. Opts: (null)
ipping root file system
done.
Begin: Running /scripts/local-bottom ... done.
Begin: Running /scripts/init-bottom ... done.
[   12.089387] ip_tables: (C) 2000-2006 Netfilter Core Team
[   12.383264] systemd[1]: systemd 237 running in system mode. (+PAM +AUDIT +SELINUX +IMA +APPARMOR +SMACK +SYSVINIT +UTMP +LIBCRYPTSETUP +GCRYPT +GNUTLS +ACL +XZ +LZ4 +SECCOMP +BLKID +ELFUTILS +KMOD -IDN2 +IDN -PCRE2 default-hierarchy=hybrid)
[   13.704371] systemd[1]: Detected virtualization oracle.
[   13.705747] systemd[1]: Detected architecture x86-64.

Welcome to [1mUbuntu 18.04.1 LTS[0m!

[   13.716886] systemd[1]: Set hostname to <ubuntu>.
[   13.723061] systemd[1]: Initializing machine ID from random generator.
[   13.725038] systemd[1]: Installed transient /etc/machine-id file.
[   14.152799] systemd[1]: Started Forward Password Requests to Wall Directory Watch.
[[0;32m  OK  [0m] Started Forward Password Requests to Wall Directory Watch.
[   14.613639] systemd[1]: Reached target System Time Synchronized.
[[0;32m  OK  [0m] Reached target System Time Synchronized.
[   14.619277] systemd[1]: Set up automount Arbitrary Executable File Formats File System Automount Point.
[[0;32m  OK  [0m] Set up automount Arbitrary Executabâ€¦rmats File System Automount Point.
[   14.640212] systemd[1]: Reached target User and Group Name Lookups.
[[0;32m  OK  [0m] Reached target User and Group Name Lookups.
[[0;32m  OK  [0m] Created slice System Slice.
[[0;32m  OK  [0m] Listening on Network Service Netlink Socket.
[[0;32m  OK  [0m] Listening on Device-mapper event daemon FIFOs.
[[0;32m  OK  [0m] Listening on udev Kernel Socket.
[[0;32m  OK  [0m] Listening on udev Control Socket.
[[0;32m  OK  [0m] Listening on Syslog Socket.
[[0;32m  OK  [0m] Listening on Journal Socket (/dev/log).
[[0;32m  OK  [0m] Listening on /dev/initctl Compatibility Named Pipe.
[[0;32m  OK  [0m] Listening on LVM2 metadata daemon socket.
[[0;32m  OK  [0m] Listening on Journal Socket.
         Starting Remount Root and Kernel File Systems...
         Mounting Huge Pages File System...
         Starting udev Coldplug all Devices...
         Starting Load Kernel Modules...
         [   15.083496] Loading iSCSI transport class v2.0-870.
Starting Create list of required stâ€¦ce nodes for the current k[   15.472772] iscsi: registered transport (tcp)
ernel...
[   15.711295] random: crng init done
[   15.714256] random: 7 urandom warning(s) missed due to ratelimiting
         Starting Uncomplicated firewall...
         Starting Set the console keyboard layout...
         Starting Monitoring of LVM2 mirrorsâ€¦ng dmeventd or progress polling...
         Mounting Kernel Debug File System...
         Mounting POSIX Message Queue File System...
[[0;32m  OK  [0m] Created slice system-serial\x2dgetty.slice.
[[0;32m  OK  [0m] Reached target Swap.
[[0;32m  OK  [0m] Created slice User and Session Slice.
[[0;32m  OK  [0m] Reached target Slices.
[[0;32m  OK  [0m] Listening on Journal Audit Socket.
         Starting Journal Service...
[[0;32m  OK  [0m] Listening on LVM2 poll daemon socket.
[   15.777975] iscsi: registered transport (iser)
[[0;32m  OK  [0m] Started Load Kernel Modules.
[[0;32m  OK  [0m] Started Create list of required staâ€¦vice nodes for the current kernel.
[[0;32m  OK  [0m] Started Uncomplicated firewall.
         Starting Create Static Device Nodes in /dev...
         Mounting FUSE Control File System...
         Mounting Kernel Configuration File System...
         Starting Apply Kernel Variables...
[[0;32m  OK  [0m] Mounted Huge Pages File System.
[[0;32m  OK  [0m] Mounted Kernel Debug File System.
[[0;32m  OK  [0m] Mounted POSIX Message Queue File System.
[[0;32m  OK  [0m] Mounted FUSE Control File System.
[[0;32m  OK  [0m] Mounted Kernel Configuration File System.
[[0;32m  OK  [0m] Started LVM2 metadata daemon.
[   15.919935] EXT4-fs (sda1): re-mounted. Opts: (null)
[[0;32m  OK  [0m] Started udev Coldplug all Devices.
[[0;32m  OK  [0m] Started Remount Root and Kernel File Systems.
         Starting Initial cloud-init job (pre-networking)...
         Starting Load/Save Random Seed...
[[0;32m  OK  [0m] Started Journal Service.
[[0;32m  OK  [0m] Started Create Static Device Nodes in /dev.
         Starting udev Kernel Device Manager...
         Starting Flush Journal to Persistent Storage...
[[0;32m  OK  [0m] Started Monitoring of LVM2 mirrors,â€¦sing dmeventd or progress polling.
[[0;32m  OK  [0m] Started Load/Save Random Seed.
[[0;32m  OK  [0m] Started Apply Kernel Variables.
[[0;32m  OK  [0m] Started udev Kernel Device Manager.
[[0;32m  OK  [0m] Started Set the console keyboard layout.
[[0;32m  OK  [0m] Started Dispatch Password Requests to Console Directory Watch.
[[0;32m  OK  [0m] Reached target Local Encrypted Volumes.
[[0;32m  OK  [0m] Reached target Local File Systems (Pre).
[[0;32m  OK  [0m] Reached target Local File Systems.
         Starting Set console font and keymap...
         Starting Tell Plymouth To Write Out Runtime Data...
         Starting AppArmor initialization...
         Starting Commit a transient machine-id on disk...
         Starting ebtables ruleset management...
[[0;32m  OK  [0m] Started Set console font and keymap.
[[0;32m  OK  [0m] Started Tell Plymouth To Write Out Runtime Data.
[[0;32m  OK  [0m] Started Flush Journal to Persistent Storage.
         Starting Create Volatile Files and Directories...
[[0;32m  OK  [0m] Started Commit a transient machine-id on disk.
[[0;32m  OK  [0m] Started Create Volatile Files and Directories.
         Starting Update UTMP about System Boot/Shutdown...
[[0;32m  OK  [0m] Started ebtables ruleset management.
[[0;32m  OK  [0m] Started Update UTMP about System Boot/Shutdown.
[[0;32m  OK  [0m] Found device /dev/ttyS0.
[[0;32m  OK  [0m] Listening on Load/Save RF Kill Switch Status /dev/rfkill Watch.
[[0;32m  OK  [0m] Started AppArmor initialization.
[   18.485425] cloud-init[407]: Cloud-init v. 18.3-9-g2e62cb8a-0ubuntu1~18.04.2 running 'init-local' at Tue, 18 Sep 2018 17:28:19 +0000. Up 17.90 seconds.
[[0;32m  OK  [0m] Started Initial cloud-init job (pre-networking).
[[0;32m  OK  [0m] Reached target Network (Pre).
         Starting Network Service...
[[0;32m  OK  [0m] Started Network Service.
         Starting Wait for Network to be Configured...
         Starting Network Name Resolution...
[[0;32m  OK  [0m] Started Network Name Resolution.
[[0;32m  OK  [0m] Reached target Network.
[[0;32m  OK  [0m] Reached target Host and Network Name Lookups.
[[0;32m  OK  [0m] Started Wait for Network to be Configured.
         Starting Initial cloud-init job (metadata service crawler)...
[   22.734425] cloud-init[630]: Cloud-init v. 18.3-9-g2e62cb8a-0ubuntu1~18.04.2 running 'init' at Tue, 18 Sep 2018 17:28:22 +0000. Up 21.26 seconds.
[   22.738141] cloud-init[630]: ci-info: ++++++++++++++++++++++++++++++++++++++Net device info+++++++++++++++++++++++++++++++++++++++
[   22.741770] cloud-init[630]: ci-info: +--------+-------+----------------------------+---------------+--------+-------------------+
[   22.744623] cloud-init[630]: ci-info: | Device |   Up  |          Address           |      Mask     | Scope  |     Hw-Address    |
[   22.748331] cloud-init[630]: ci-info: +--------+-------+----------------------------+---------------+--------+-------------------+
[   22.751068] cloud-init[630]: ci-info: | enp0s3 |  True |         10.0.2.15          | 255.255.255.0 | global | 02:ec:ff:85:d6:22 |
[   22.753791] cloud-init[630]: ci-info: | enp0s3 |  True | fe80::ec:ffff:fe85:d622/64 |       .       |  link  | 02:ec:ff:85:d6:22 |
[   22.756513] cloud-init[630]: ci-info: | enp0s8 | False |             .              |       .       |   .    | 08:00:27:de:07:35 |
[   22.759198] cloud-init[630]: ci-info: |   lo   |  True |         127.0.0.1          |   255.0.0.0   |  host  |         .         |
[   22.761902] cloud-init[630]: ci-info: |   lo   |  True |          ::1/128           |       .       |  host  |         .         |
[   22.764623] cloud-init[630]: ci-info: +--------+-------+----------------------------+---------------+--------+-------------------+
[   22.767255] cloud-init[630]: ci-info: ++++++++++++++++++++++++++++Route IPv4 info+++++++++++++++++++++++++++++
[   22.769739] cloud-init[630]: ci-info: +-------+-------------+----------+-----------------+-----------+-------+
[   22.772132] cloud-init[630]: ci-info: | Route | Destination | Gateway  |     Genmask     | Interface | Flags |
[   22.774490] cloud-init[630]: ci-info: +-------+-------------+----------+-----------------+-----------+-------+
[   22.776906] cloud-init[630]: ci-info: |   0   |   0.0.0.0   | 10.0.2.2 |     0.0.0.0     |   enp0s3  |   UG  |
[   22.779224] cloud-init[630]: ci-info: |   1   |   10.0.2.0  | 0.0.0.0  |  255.255.255.0  |   enp0s3  |   U   |
[   22.781560] cloud-init[630]: ci-info: |   2   |   10.0.2.2  | 0.0.0.0  | 255.255.255.255 |   enp0s3  |   UH  |
[   22.783862] cloud-init[630]: ci-info: +-------+-------------+----------+-----------------+-----------+-------+
[   22.786230] cloud-init[630]: ci-info: +++++++++++++++++++Route IPv6 info+++++++++++++++++++
[   22.788382] cloud-init[630]: ci-info: +-------+-------------+---------+-----------+-------+
[   22.790396] cloud-init[630]: ci-info: | Route | Destination | Gateway | Interface | Flags |
[   22.792514] cloud-init[630]: ci-info: +-------+-------------+---------+-----------+-------+
[   22.794614] cloud-init[630]: ci-info: |   1   |  fe80::/64  |    ::   |   enp0s3  |   U   |
[   22.796818] cloud-init[630]: ci-info: |   3   |    local    |    ::   |   enp0s3  |   U   |
[   22.798941] cloud-init[630]: ci-info: |   4   |   ff00::/8  |    ::   |   enp0s3  |   U   |
[   22.801108] cloud-init[630]: ci-info: +-------+-------------+---------+-----------+-------+
[   22.803184] cloud-init[630]: Generating public/private rsa key pair.
[   22.805020] cloud-init[630]: Your identification has been saved in /etc/ssh/ssh_host_rsa_key.
[   22.807161] cloud-init[630]: Your public key has been saved in /etc/ssh/ssh_host_rsa_key.pub.
[   22.809320] cloud-init[630]: The key fingerprint is:
[   22.810891] cloud-init[630]: SHA256:01LbTH4pily2vcBSwwd/JaR3u1J3YUf4Pik8apNJv6E root@ubuntu-bionic
[   22.813052] cloud-init[[0;32m  OK  [0m] Started Initial cloud-init job (metadata service crawler).
[[0;32m  OK  [0m] Reached target System Initialization.
[[0;32m  OK  [0m] Listening on D-Bus System Message Bus Socket.
[630]: The key's randomart image is:
         [   22.825555] cloud-init[630]: +---[RSA 2048]----+
[   22.826175] cloud-init[630]: |              ...|
[   22.826720] cloud-init[630]: |             o.. |
[   22.827140] cloud-init[630]: |          o o o++|
[   22.827566] cloud-init[630]: |         + O ..==|
[   22.828051] cloud-init[630]: |        S O O +++|
[   22.828458] cloud-init[630]: |       . O B B.o=|
[   22.828870] cloud-init[630]: |        + * *oo..|
[   22.829320] cloud-init[630]: |         . B.oo  |
[   22.829753] cloud-init[630]: |          .Eo..  |
[   22.830177] cloud-init[630]: +----[SHA256]-----+
[   22.830617] cloud-init[630]: Generating public/private dsa key pair.
[   22.831082] cloud-init[630]: Your identification has been saved in /etc/ssh/ssh_host_dsa_key.
[   22.831489] cloud-init[630]: Your public key has been saved in /etc/ssh/ssh_host_dsa_key.pub.
[   22.831909] cloud-init[630]: The key fingerprint is:
[   22.833920] cloud-init[630]: SHA256:dfq49k6hqlk9S5BRKGWQM1km2SV96w1uX1sJfMcQSTU root@ubuntu-bionic
[   22.834363] cloud-init[630]: The key's randomart image is:
[   22.834816] cloud-init[630]: +---[DSA 1024]----+
[   22.835242] cloud-init[630]: |      oO*+o  .oE.|
[   22.835677] cloud-init[630]: |      B+oo. . o .|
[   22.836340] cloud-init[630]: |       +. ..o. o |
[   22.836778] cloud-init[630]: |         + ooo .o|
[   22.837217] cloud-init[630]: |        S .o.oo o|
[   22.837651] cloud-init[630]: |         o ++...o|
[   22.838069] cloud-init[630]: |        . *.o. .o|
[   22.838533] cloud-init[630]: |       o o.=  .. |
[   22.838969] cloud-init[630]: |      o...ooo    |
[   22.839406] cloud-init[630]: +----[SHA256]-----+
[   22.839836] cloud-init[630]: Generating public/private ecdsa key pair.
[   22.840745] cloud-init[630]: Your identification has been saved in /etc/ssh/ssh_host_ecdsa_key.
[   22.841187] cloud-init[630]: Your public key has been saved in /etc/ssh/ssh_host_ecdsa_key.pub.
[   22.841604] cloud-init[630]: The key fingerprint is:
[   22.842046] cloud-init[630]: SHA256:H35Q5y/gI2P177azPfSiOTiwHEzCxDrlpMC7dkT04Uw root@ubuntu-bionic
[   22.842489] cloud-init[630]: The key's randomart image is:
[   22.842936] cloud-init[630]: +---[ECDSA 256]---+
[   22.843390] cloud-init[630]: | . ...E          |
[   22.843810] cloud-init[630]: |  o .==.         |
[   22.844495] cloud-init[630]: |   + O+     . .  |
[   22.844907] cloud-init[630]: |  . = + .  . o   |
[   22.845343] cloud-init[630]: |   o . +S o o .  |
[   22.845773] cloud-init[630]: |  o .   +o = o o |
[   22.846244] cloud-init[630]: | . .   . +*.+ + o|
[   22.846698] cloud-init[630]: |        o.o+.o.=+|
[   22.847142] cloud-init[630]: |           .oo *O|
[   22.847568] cloud-init[630]: +----[SHA256]-----+
[   22.848008] cloud-init[630]: Generating public/private ed25519 key pair.
[   22.848493] cloud-init[630]: Your identification has been saved in /etc/ssh/ssh_host_ed25519_key.
[   22.848926] cloud-init[630]: Your public key has been saved in /etc/ssh/ssh_host_ed25519_key.pub.
[   22.849353] cloud-init[630]: The key fingerprint is:
[   22.849817] cloud-init[630]: SHA256:jLS5FN/LipFSmQ2IpvoUC7eDryIR4u5z1afSK+JZh/g root@ubuntu-bionic
[   22.850233] cloud-init[630]: The key's randomart image is:
[   22.850706] cloud-init[630]: +--[ED25519 256]--+
[   22.851175] cloud-init[630]: |                 |
[   22.851633] cloud-init[630]: |   . .           |
[   22.852102] cloud-init[630]: |  o . +          |
[   22.852561] cloud-init[630]: |oo   . % .       |
[   22.853009] cloud-init[630]: |=.o   X S .      |
[   22.853465] cloud-init[630]: |o= +.+.+ o .     |
[   22.853918] cloud-init[630]: |+.=.oo=.o o      |
[   22.854371] cloud-init[630]: |o* +++.= .       |
[   22.854869] cloud-init[630]: |=o*o.E+.o        |
[   22.855261] cloud-init[630]: +----[SHA256]-----+
Starting LXD - unix socket.
[[0;32m  OK  [0m] Started ACPI Events Check.
[[0;32m  OK  [0m] Started Daily apt download activities.
[[0;32m  OK  [0m] Started Daily apt upgrade and clean activities.
[[0;32m  OK  [0m] Listening on UUID daemon activation socket.
[[0;32m  OK  [0m] Listening on ACPID Listen Socket.
[[0;32m  OK  [0m] Started Discard unused blocks once a week.
[[0;32m  OK  [0m] Started Daily Cleanup of Temporary Directories.
         Starting Socket activation for snappy daemon.
[[0;32m  OK  [0m] Started Message of the Day.
[[0;32m  OK  [0m] Reached target Timers.
[[0;32m  OK  [0m] Reached target Paths.
[[0;32m  OK  [0m] Reached target Network is Online.
         Starting iSCSI initiator daemon (iscsid)...
[[0;32m  OK  [0m] Reached target Cloud-config availability.
[[0;32m  OK  [0m] Listening on LXD - unix socket.
[[0;32m  OK  [0m] Listening on Socket activation for snappy daemon.
[[0;32m  OK  [0m] Reached target Sockets.
[[0;32m  OK  [0m] Reached target Basic System.
[[0;32m  OK  [0m] Started D-Bus System Message Bus.
         Starting Virtualbox guest utils...
[[0;32m  OK  [0m] Started Deferred execution scheduler.
         Starting Login Service...
         Starting System Logging Service...
[[0;32m  OK  [0m] Started Regular background program processing daemon.
         Starting Dispatcher daemon for systemd-networkd...
         Starting Pollinate to seed the pseudo random number generator...
[[0;32m  OK  [0m] Started FUSE filesystem for LXC.
         Starting Snappy daemon...
         Starting Accounts Service...
[[0;32m  OK  [0m] Started Unattended Upgrades Shutdown.
         Starting LSB: Record successful boot for GRUB...
[[0;32m  OK  [0m] Started irqbalance daemon.
         Starting LXD - container startup/shutdown...
[[0;32m  OK  [0m] Started System Logging Service.
[[0;32m  OK  [0m] Started Login Service.
         Starting Authorization Manager...
[[0;32m  OK  [0m] Started iSCSI initiator daemon (iscsid).
         Starting Availability of block devices...
[[0;32m  OK  [0m] Reached target Remote File Systems (Pre).
[[0;32m  OK  [0m] Reached target Remote File Systems.
         Starting Permit User Sessions...
         Starting LSB: automatic crash report generation...
[[0;32m  OK  [0m] Started Virtualbox guest utils.
[[0;32m  OK  [0m] Started LSB: Record successful boot for GRUB.
[[0;32m  OK  [0m] Started Availability of block devices.
[[0;32m  OK  [0m] Started Authorization Manager.
[[0;32m  OK  [0m] Started Accounts Service.
[[0;32m  OK  [0m] Started Permit User Sessions.
         Starting Hold until boot process finishes up...
         Starting Terminate Plymouth Boot Screen...
[[0;32m  OK  [0m] Started Hold until boot process finishes up.
[[0;32m  OK  [0m] Started Terminate Plymouth Boot Screen.
[[0;32m  OK  [0m] Started Serial Getty on ttyS0.
         Starting Set console scheme...
[[0;32m  OK  [0m] Started LXD - container startup/shutdown.
[[0;32m  OK  [0m] Started Set console scheme.
[[0;32m  OK  [0m] Started Snappy daemon.
[[0;32m  OK  [0m] Started Dispatcher daemon for systemd-networkd.
[[0;32m  OK  [0m] Started LSB: automatic crash report generation.
         Starting Wait until snapd is fully seeded...
[[0;32m  OK  [0m] Created slice system-getty.slice.
[[0;32m  OK  [0m] Started Getty on tty1.
[[0;32m  OK  [0m] Reached target Login Prompts.
[[0;32m  OK  [0m] Started Pollinate to seed the pseudo random number generator.
         Starting OpenBSD Secure Shell server...
[[0;32m  OK  [0m] Started OpenBSD Secure Shell server.
[[0;32m  OK  [0m] Created slice User Slice of vagrant.
         Starting User Manager for UID 1000...
[[0;32m  OK  [0m] Started Session 1 of user vagrant.
[[0;32m  OK  [0m] Started User Manager for UID 1000.
[[0;32m  OK  [0m] Started Wait until snapd is fully seeded.
[[0;32m  OK  [0m] Reached target Multi-User System.
[[0;32m  OK  [0m] Reached target Graphical Interface.
         Starting Update UTMP about System Runlevel Changes...
         Starting Apply the settings specified in cloud-config...
[[0;32m  OK  [0m] Started Update UTMP about System Runlevel Changes.
[   28.870483] cloud-init[1226]: Cloud-init v. 18.3-9-g2e62cb8a-0ubuntu1~18.04.2 running 'modules:config' at Tue, 18 Sep 2018 17:28:29 +0000. Up 27.99 seconds.
ci-info: no authorized ssh keys fingerprints found for user ubuntu.
<14>Sep 18 17:28:31 ec2: 
<14>Sep 18 17:28:31 ec2: #############################################################
<14>Sep 18 17:28:31 ec2: -----BEGIN SSH HOST KEY FINGERPRINTS-----
<14>Sep 18 17:28:31 ec2: 1024 SHA256:dfq49k6hqlk9S5BRKGWQM1km2SV96w1uX1sJfMcQSTU root@ubuntu-bionic (DSA)
<14>Sep 18 17:28:31 ec2: 256 SHA256:H35Q5y/gI2P177azPfSiOTiwHEzCxDrlpMC7dkT04Uw root@ubuntu-bionic (ECDSA)
<14>Sep 18 17:28:31 ec2: 256 SHA256:jLS5FN/LipFSmQ2IpvoUC7eDryIR4u5z1afSK+JZh/g root@ubuntu-bionic (ED25519)
<14>Sep 18 17:28:31 ec2: 2048 SHA256:01LbTH4pily2vcBSwwd/JaR3u1J3YUf4Pik8apNJv6E root@ubuntu-bionic (RSA)
<14>Sep 18 17:28:31 ec2: -----END SSH HOST KEY FINGERPRINTS-----
<14>Sep 18 17:28:31 ec2: #############################################################
-----BEGIN SSH HOST KEY KEYS-----
ecdsa-sha2-nistp256 AAAAE2VjZHNhLXNoYTItbmlzdHAyNTYAAAAIbmlzdHAyNTYAAABBBELCV5cKoobEVRtUKD2LtEs/e7ks8onn9mgy8jvcAgG5u4Mmjlc85i2apMUKs7ZfxgVn5kPFM/y280GHrhjK/Dc= root@ubuntu-bionic
ssh-ed25519 AAAAC3NzaC1lZDI1NTE5AAAAIPGeo7j504vnzAa3FWajbbW+7mq6wCUWFJ43PDdHct6y root@ubuntu-bionic
ssh-rsa AAAAB3NzaC1yc2EAAAADAQABAAABAQC9vGm+BSkWKZCcAyR0SZzz9oo6bTAaX/5g+XOk2QI2OuJVfg0X1i0tJncibAzbpKzSpJHp9cgIbTcxlAKHmM/emPZX1weKdhV5U3fxTYFt1W19RL/F8ARcB1Kx/LorOO2XiXNa4FV8J5F1wYfLHm4gBpwW1GsDHU3TkAzrnQSf101Qupvyl4dnhwI6VtA2Po9QaQfhsaK7bg/XLlr6gjWxq8d+CztW7KV7jhKdKvVIueVyOO0XFTmpqxbLnO++l4nUkehyeNu/rW34gCOqrZ/J7qqWnLUzxBPLb7fOeSLbjE8O6K3dcO1xwMOsp8lsxLkDJogmtO+npmSGOCGgPJf7 root@ubuntu-bionic
-----END SSH HOST KEY KEYS-----
[   29.953850] cloud-init[1311]: Cloud-init v. 18.3-9-g2e62cb8a-0ubuntu1~18.04.2 running 'modules:final' at Tue, 18 Sep 2018 17:28:31 +0000. Up 29.66 seconds.
[   [10248189650.171947] systemd[1]: systemd-resolved.service: Watchdog timeout (limit 3min)!
[10248189650.257212] systemd[1]: systemd-networkd.service: Watchdog timeout (limit 3min)!
[10248189650.259536] systemd[1]: systemd-logind.service: Watchdog timeout (limit 3min)!
mode=net].  Up 29.94 seconds

Ubuntu 18.04.1 LTS ubuntu-bionic ttyS0

ubuntu-bionic[10248189926.179567] systemd[1]: systemd-resolved.service: Watchdog timeout (limit 3min)!
[1024818[10248191653.514414] systemd[1]: systemd-networkd.service: Watchdog timeout (limit 3min)!
[10248191653.517522] systemd[1]: systemd-logind.service: Watchdog timeout (limit 3min)!
